// Jest Snapshot v1, https://goo.gl/fbAQLP

exports[`renderer language Switcher unchange 1`] = `
<span
  className="relative flex h-10 w-10 shrink-0 overflow-hidden rounded-full"
>
  <span
    className="flex h-full w-full items-center justify-center rounded-full bg-muted"
  >
    IM
  </span>
</span>
`;
